					; Lab5 - Subroutine to print a record from an array of structures
					
					; Constant definitions
					Display		.EQU 04E9h	; address of Libra display
					
					
					; Constant strings (prompts or labels to be printed to screen, etc)
0000	4E616D65..		s_name: 	.DB 'Name: $'
0007	4D722E2024		s_male: 	.DB 'Mr. $'
000C	4D732E2024		s_female: 	.DB 'Ms. $'
0011	456D706C..		s_empNum: 	.DB 'Employee number: $'
0023	53616C61..		s_salary: 	.DB 'Salary: $'
					
					; Offsets to access individual fields within the records
					ID			.EQU 0	; Zero bytes from start of record is ID
					NAME 		.EQU 1	; One byte from start of record is name
					GENDER 		.EQU 3	; 3 bytes from start of record is gender
					SALARY 		.EQU 4	; 4 bytes from start of record is salary
					REC_SIZE	.EQU 5	; Total size of each record is 5 bytes
					
					; Other defines
					male		.EQU 0	; Gender field: 0=male, 1=female
					female		.EQU 1	;
					
					;;;;;;;;;;;;;;;;;;;;
					; Function: printEmployee
					; Function to print an employee record to screen.
					;
					; Input Parameters:
					; 	BX: Address of start of array of structures
					;	AL: Record number to be printed (record numbering starts at 0)
					; Output Paramters:
					;	None.
					printEmployee:
							; Save register values that will be modified in this routine
002C	50				PUSH AX			; Push AX into Stack
002D	53				PUSH BX			; Push BX into Stack
002E	56				PUSH SI			; Push SI into Stack
					
							; Calculate starting address of this record
							; Starting address is START+(REC_NUM*REC_SIZE)
002F	B405				MOV AH, REC_SIZE				; Load REC_SIZE into AH
0031	F6E4				MUL AH						; Multiply REC_NUM (already in AL) by REC_SIZE (in AH)
0033	01C3				ADD BX, AX					; Compute START+(REC_NUM*REC_SIZE)
					
							; Print 'Name: ' label
0035	BE0000				MOV SI, s_name					; Load s_name into SI
0038	E84100				CALL printStr
					
							; Print Mr/Mrs according to gender
003B	8A4703				MOV AL, [BX + GENDER]				; Load the gender field into AL. Need to use displacement addressing mode
003E	3C00				CMP AL, male					; Compare gender to zero
0040	7409				je printMale
						printFemale:
0042	BE0C00				MOV SI, s_female				; Print Ms.
0045	E83400				CALL printStr
0048	E90600				JMP  printName
						printMale:
004B	BE0700				MOV SI, s_male					; Print Mr.
004E	E82B00				CALL printStr
					
							; Print name. Must load name pointer into DX, then call printStr
						printName:
0051	8B7701				MOV  SI, [BX + NAME]				; Load the name field into SI. Need to use displacement addressing mode
0054	E82500				CALL printStr
0057	E88300				CALL newLine				; Print a newLine character
					
							; Print employee number
						printEmpNum:
005A	BE1100				MOV SI, s_empNum			; Print 'Employee number: '
005D	E81C00				CALL printStr
0060	8A4700				MOV AL, [BX + ID]			; Load the ID field into AL. Need to use displacement addressing mode
0063	E82B00				CALL printInt
0066	E87400				CALL newLine
					
							; Print employee salary
						printEmpSalary:
0069	BE2300				MOV SI, s_salary			; Print the 'Salary: ' label 
006C	E80D00				CALL printStr
006F	8A4704				MOV AL, [BX + SALARY]			; Load the SALARY field into AL. Need to use displacement addressing mode
0072	E84C00				CALL printSalary			; Prints salary in 1000's of $
0075	E86500				CALL newLine				; Print a newline
					
							; Restore registers
0078	5E				POP SI			; POP SI from Stack
0079	5B				POP BX			; POP BX from Stack
007A	58				POP AX			; POP AX from Stack
					
						; Return to calling function
007B	C3			RET
					
					
					;;;;;;;;;;;;;;;;;;;;;;;;;;;;;;;;;;;;;;;;;;;;;;;;;;;;;;;;;;;;;;;;;;;
					; INSERT SUBROUTINES FROM lab5-P1.asm HERE
					;;;;;;;;;;;;;;;;;;;;;;;;;;;;;;;;;;;;;;;;;;;;;;;;;;;;;;;;;;;;;;;;;;;
					
					
					;;;;;;;;;;;;;;;;;
					; printStr: Subroutine to print a '$'-terminated string
					; Input parameters:
					; 	SI: Address of start of string to be printed
					; Output parameters:
					;	None.
					printStr:
						; Save registers modified by this subroutine
007C	50			PUSH AX			; Push AX into Stack
007D	56			PUSH SI			; Push SI into Stack
007E	52			PUSH DX			; Push DX into Stack
					
007F	BAE904			MOV DX, Display
					LoopPS:
0082	8A04			MOV AL, [SI]	; Load the next char to be printed - USING INPUT PARAMETER SI
0084	3C24			CMP AL, '$'		; Compare the char to '$'
0086	7405			JE quitPS		; If it is equal, then quit subroutine and return to calling code
0088	EE			OUT DX,AL		; If it is not equal to '$', then print it
0089	46			INC SI			; Point to the next char to be printed
008A	E9F5FF			jmp LoopPS		; Jump back to the top of the loop
					quitPS:
						; Restore registers
008D	5A			POP DX			; POP DX from Stack
008E	5E			POP SI			; POP SI from Stack
008F	58			POP AX			; POP AX from Stack
					
0090	C3			RET
					
					
					;;;;;;;;;;;;;;;;;
					; printInt: Subroutine to print a 1-byte unsigned (short) integer between 0-255
					; Input parameters:
					; 	AL: Unsigned short int to be printed
					; Output parameters:
					;	None.
					printInt:
						; Save registers modified by this subroutine
0091	50			PUSH AX			; Push AX into Stack
0092	51			PUSH CX			; Push CX into Stack
0093	52			PUSH DX			; Push DX into Stack
						
0094	BAE904			MOV DX, Display
0097	B10A			MOV CL, 10		; Will be dividing by 10...
						
					LoopPI:
0099	3C0A			CMP AL, 10		; Compare the number to 10
009B	7C0C			JL printLast	; If it is less than 10, then print this digit
						; If it is greater than 10, divide by 10
009D	B400			MOV AH, 0		; Clear AH
009F	F6F1			DIV CL			; Divide number by 10
00A1	E80C00			CALL printDigit ; Print the quotient in AL
00A4	88E0			MOV AL, AH		; Move remainder into AL to be printed
00A6	E9F0FF			jmp LoopPI		; Jump back to the top of the loop
					printLast:
00A9	E80400			CALL printDigit
						
						; Restore registers
00AC	5A			POP DX			; POP DX from Stack
00AD	59			POP CX			; POP CX from Stack
00AE	58			POP AX			; POP AX from Stack
						
00AF	C3			RET
					
					
					;;;;;;;;;;;;;;;;;
					; printDigit: Subroutine to print a single decimal digit
					; Input parameters:
					; 	AL: Unsigned decimal digit (between 0-9) to be printed
					; Output parameters:
					;	None.
					printDigit:
						; Save registers modified by this subroutine
00B0	50			PUSH AX			; Push AX into Stack
00B1	52			PUSH DX			; Push DX into Stack
						
00B2	BAE904			MOV DX, Display
00B5	0430			ADD AL, '0'		; Convert number to ASCII code
00B7	EE			OUT DX,AL		; Print it
						
						; Restore registers
00B8	5A			POP DX			; POP DX from Stack
00B9	58			POP AX			; POP AX from Stack
						
00BA	C3			RET
						
							
					;;;;;;;;;;;;;;;;;
					; printSalary: Subroutine to print employee salary
					; Input parameters:
					; 	AL: Unsigned short int (0-99) representing salary in 1000's of $
					; Output parameters:
					;	None.
					
					; Constant strings for this subroutine:
00BB	2C30303024		s_thousands: .DB ',000$'
00C0	24		s_dollars: .DB '$'
					
					printSalary:
						; Save registers modified by this subroutine
00C1	50			PUSH AX			; Push AX into Stack
00C2	56			PUSH SI			; Push SI into Stack
00C3	52			PUSH DX			; Push DX into Stack
						
00C4	BAE904			MOV DX, Display
						
00C7	88C4			MOV AH,AL		; Keep a copy of the salary in AH (need AL for printing...)
00C9	8A06C000			MOV AL, [s_dollars]	; Print '$' preceeding number
00CD	EE			OUT DX,AL		; Print it
00CE	88E0			MOV AL,AH		; Move salary back into AL
00D0	E8BEFF			CALL printInt		; Print the salary (0-255)
00D3	BEBB00			MOV SI, s_thousands	; Move the starting address of s_thousands string into BX
00D6	E8A3FF			CALL printStr 		; Print ',000'
						
						; Restore registers
00D9	5A			POP DX			; POP DX from Stack
00DA	5E			POP SI			; POP SI from Stack
00DB	58			POP AX			; POP AX from Stack
						
00DC	C3			RET
					
					
					;;;;;;;;;;;;;;;;;
					; newLine: Subroutine to print a newline and a linefeed character
					; Input parameters:
					; 	None.
					; Output parameters:
					;	None.
					
					; Constants for this subroutine:
					s_CR .EQU 0Dh		; ASCII value for Carriage return
					s_LF .EQU 0Ah		; ASCII value for NewLine
					
					newLine:
						; Save registers modified by this subroutine
00DD	50			PUSH AX			; Push AX into Stack
00DE	52			PUSH DX			; Push DX into Stack
						
00DF	BAE904			MOV DX, Display		; Initialize the output port number in DX
00E2	B00A			MOV AL, s_LF		; Load line feed (LF) into AL
00E4	EE			out DX,AL		; print the char
00E5	B00D			MOV AL, s_CR		; Load carriage return (CR) into AL
00E7	EE			out DX,AL		; print the char
						
						; Restore registers
00E8	5A			POP DX			; POP DX from Stack
00E9	58			POP AX			; POP AX from Stack
						
00EA	C3			RET
						
						
					;;;;;;;;;;;;;;;;;;;;;;;;;;;;;;;;;;;;;;;;;;;;;;;;;;;;;;;;;;;;;;;;;;;
					; END OF SUBROUTINES FROM lab5-P1.asm
					;;;;;;;;;;;;;;;;;;;;;;;;;;;;;;;;;;;;;;;;;;;;;;;;;;;;;;;;;;;;;;;;;;;
					
							
					;;;;;;;;;;;;;;;;;;;;;;;;	
					; main: Main function to test all subroutines
					main:
					
						; Print dayShiftDB[0]
00EB	BB0050			MOV BX, dayShiftDB				; Load address of dayShiftDB
00EE	B000			MOV AL, 0					; Load record number
00F0	E839FF			CALL printEmployee
00F3	E8E7FF			CALL newLine
						
						; Print dayShiftDB[3]
00F6	BB0050			MOV BX, dayShiftDB				; Load address of dayShiftDB
00F9	B003			MOV AL, 3					; Load record number
00FB	E82EFF			CALL printEmployee
00FE	E8DCFF			CALL newLine
						
						; Print nightShiftDB[0]
0101	BB1450			MOV BX, nightShiftDB				; Load address of nightShiftDB
0104	B000			MOV AL, 0					; Load record number
0106	E823FF			CALL printEmployee
0109	E8D1FF			CALL newLine
						
						;Quit
010C	F4			HLT
						
						
					;;;;;;;;;;;;;;;;;;;;;;;;
					; Test data
					;
					
					; Record format:
					;Struct Employee {
					;	int id;			// 1-byte unsigned integer ID
					;	char* name;		// 2-byte pointer to string of chars
					;	bool gender;	// 1-byte Boolean (zero-->male, else-->female)
					;	short salary;	// 1-byte unsigned short int salary (in $1000’s)
					;};
					.ORG 5000h
					
					dayShiftDB:
						; Record dayShiftDB[0]
5000	0C			.DB 12			; dayShiftDB[0].id
5001	1E50			.DW name0		; dayShiftDB[0].name
5003	00			.DB 0			; dayShiftDB[0].gender
5004	32			.DB 50			; dayShiftDB[0].salary
						
						; Record dayShiftDB[1]
5005	1B			.DB 27
5006	2850			.DW name1		
5008	01			.DB 1
5009	3A			.DB 58
						
						; Record dayShiftDB[2]
500A	01			.DB 1
500B	3450			.DW name2		
500D	01			.DB 1
500E	46			.DB 70
					
						; Record dayShiftDB[3]
500F	4D			.DB 77
5010	4150			.DW name3		
5012	00			.DB 0
5013	20			.DB 32
					
					nightShiftDB:
5014	07			.DB 7
5015	4E50			.DW name4		; Record nightShiftDB[0]
5017	01			.DB 1
5018	63			.DB 99
						
5019	50			.DB 80
501A	5850			.DW name5		; Record nightShiftDB[1]
501C	00			.DB 0
501D	4B			.DB 75
					
501E	53616D20..		name0: .DB 'Sam Jones$'
5028	53617261..		name1: .DB 'Sara Thomas$'
5034	53616D69..		name2: .DB 'Samira Smith$'
5041	4D617820..		name3: .DB 'Max Golshani$'
504E	54686520..		name4: .DB 'The Boss!$'
5058	5376656E..		name5: .DB 'Sven Svenderson$'
					
